// Jest Snapshot v1, https://goo.gl/fbAQLP

exports[`<Button /> Matches the snapshot 1`] = `
<DocumentFragment>
  <button
    class="button"
  >
    Test
  </button>
</DocumentFragment>
`;
