// Jest Snapshot v1, https://goo.gl/fbAQLP

exports[`<Timmer /> Matches the snapshot 1`] = `
<DocumentFragment>
  <span>
    <i
      class="fas fa-clock"
    />
     
    <b>
      10
    </b>
  </span>
</DocumentFragment>
`;
