// Jest Snapshot v1, https://goo.gl/fbAQLP

exports[`<Input /> Matches the snapshot 1`] = `
<DocumentFragment>
  <input
    class="input input-sm"
    id="textId"
    type="text"
  />
</DocumentFragment>
`;
